// Jest Snapshot v1, https://goo.gl/fbAQLP

exports[`Vault.Eth Etherfi executeProtocolAction.ClaimWithdraw 1`] = `258655`;

exports[`Vault.Eth Etherfi executeProtocolAction.Deposit 1`] = `160615`;

exports[`Vault.Eth Etherfi executeProtocolAction.RequestWithdraw 1`] = `329855`;

exports[`Vault.Eth Etherfi userDeposit 1`] = `214170`;

exports[`Vault.Eth Etherfi userDeposit empty vault 1`] = `214170`;

exports[`Vault.Eth Etherfi userWithdraw 1`] = `244083`;

exports[`Vault.Eth Marginly1 Aave EtherFi executeProtocolAction.BatchDeposit 1`] = `639468`;

exports[`Vault.Eth Marginly1 Aave EtherFi userDeposit 1`] = `250718`;

exports[`Vault.Eth Marginly1 Aave EtherFi userDeposit empty vault 1`] = `214170`;

exports[`Vault.Eth Marginly1 Aave EtherFi userWithdraw 1`] = `295497`;
