// Jest Snapshot v1, https://goo.gl/fbAQLP

exports[`Vault.Arbitrum. Aave and Marginly3. executeProtocolAction.BatchDeposit 1`] = `1218869`;

exports[`Vault.Arbitrum. Aave and Marginly3. userDeposit 1`] = `224328`;

exports[`Vault.Arbitrum. Aave and Marginly3. userWithdraw 1`] = `265082`;

exports[`Vault.Arbitrum. Aave. executeProtocolAction.Deposit 1`] = `290029`;

exports[`Vault.Arbitrum. Aave. executeProtocolAction.Withdraw 1`] = `216753`;

exports[`Vault.Arbitrum. Aave. userDeposit 1`] = `204652`;

exports[`Vault.Arbitrum. Aave. userDeposit empty vault 1`] = `205112`;

exports[`Vault.Arbitrum. Aave. userWithdraw 1`] = `237730`;

exports[`Vault.Arbitrum. Marginly1. executeProtocolAction.Deposit 1`] = `512983`;

exports[`Vault.Arbitrum. Marginly1. executeProtocolAction.Withdraw 1`] = `418542`;

exports[`Vault.Arbitrum. Marginly1. userDeposit 1`] = `211211`;

exports[`Vault.Arbitrum. Marginly1. userDeposit empty vault 1`] = `204652`;

exports[`Vault.Arbitrum. Marginly1. userWithdraw 1`] = `246848`;

exports[`Vault.Arbitrum. Marginly2. executeProtocolAction.BatchDeposit 1`] = `857017`;

exports[`Vault.Arbitrum. Marginly2. executeProtocolAction.Withdraw 1`] = `418542`;

exports[`Vault.Arbitrum. Marginly2. userDeposit 1`] = `217770`;

exports[`Vault.Arbitrum. Marginly2. userWithdraw 1`] = `255966`;

exports[`Vault.Arbitrum. Marginly3. executeProtocolAction.Deposit into two connected pools 1`] = `1044221`;

exports[`Vault.Arbitrum. Marginly3. executeProtocolAction.Withdraw 1`] = `418542`;

exports[`Vault.Arbitrum. Marginly3. userDeposit 1`] = `224328`;

exports[`Vault.Arbitrum. Marginly3. userWithdraw 1`] = `265082`;
