// Jest Snapshot v1, https://goo.gl/fbAQLP

exports[`Vault.Arbitrum. Aave and Marginly3. executeProtocolAction.BatchDeposit 1`] = `1231758`;

exports[`Vault.Arbitrum. Aave and Marginly3. userDeposit 1`] = `224347`;

exports[`Vault.Arbitrum. Aave and Marginly3. userWithdraw 1`] = `265082`;

exports[`Vault.Arbitrum. Aave. executeProtocolAction.Deposit 1`] = `290029`;

exports[`Vault.Arbitrum. Aave. executeProtocolAction.Withdraw 1`] = `216753`;

exports[`Vault.Arbitrum. Aave. userDeposit 1`] = `204671`;

exports[`Vault.Arbitrum. Aave. userDeposit empty vault 1`] = `205131`;

exports[`Vault.Arbitrum. Aave. userWithdraw 1`] = `237762`;

exports[`Vault.Arbitrum. Marginly1. executeProtocolAction.Deposit 1`] = `512983`;

exports[`Vault.Arbitrum. Marginly1. executeProtocolAction.Withdraw 1`] = `418542`;

exports[`Vault.Arbitrum. Marginly1. userDeposit 1`] = `211230`;

exports[`Vault.Arbitrum. Marginly1. userDeposit empty vault 1`] = `204671`;

exports[`Vault.Arbitrum. Marginly1. userWithdraw 1`] = `246848`;

exports[`Vault.Arbitrum. Marginly2. executeProtocolAction.BatchDeposit 1`] = `857017`;

exports[`Vault.Arbitrum. Marginly2. executeProtocolAction.Withdraw 1`] = `418542`;

exports[`Vault.Arbitrum. Marginly2. userDeposit 1`] = `217789`;

exports[`Vault.Arbitrum. Marginly2. userWithdraw 1`] = `255966`;

exports[`Vault.Arbitrum. Marginly3. executeProtocolAction.Deposit into two connected pools 1`] = `1086737`;

exports[`Vault.Arbitrum. Marginly3. executeProtocolAction.Withdraw 1`] = `418542`;

exports[`Vault.Arbitrum. Marginly3. userDeposit 1`] = `224807`;

exports[`Vault.Arbitrum. Marginly3. userWithdraw 1`] = `266002`;
