// Jest Snapshot v1, https://goo.gl/fbAQLP

exports[`Vault.Eth Etherfi executeProtocolAction.ClaimWithdraw 1`] = `258450`;

exports[`Vault.Eth Etherfi executeProtocolAction.Deposit 1`] = `160537`;

exports[`Vault.Eth Etherfi executeProtocolAction.RequestWithdraw 1`] = `329650`;

exports[`Vault.Eth Etherfi userDeposit 1`] = `214294`;

exports[`Vault.Eth Etherfi userDeposit empty vault 1`] = `214294`;

exports[`Vault.Eth Etherfi userWithdraw 1`] = `244369`;

exports[`Vault.Eth Marginly1 Aave EtherFi executeProtocolAction.BatchDeposit 1`] = `639179`;

exports[`Vault.Eth Marginly1 Aave EtherFi userDeposit 1`] = `250854`;

exports[`Vault.Eth Marginly1 Aave EtherFi userDeposit empty vault 1`] = `214294`;

exports[`Vault.Eth Marginly1 Aave EtherFi userWithdraw 1`] = `295807`;
